<?xml version="1.0" encoding="utf-8"?>
<TestRun id="39435e83-8da6-4c0b-93e6-b981846a2ecf" name="@cursor 2025-08-24 06:48:39" xmlns="http://microsoft.com/schemas/VisualStudio/TeamTest/2010">
  <Times creation="2025-08-24T06:48:39.2044536+00:00" queuing="2025-08-24T06:48:39.2044536+00:00" start="2025-08-24T06:48:38.5962533+00:00" finish="2025-08-24T06:48:39.2682868+00:00" />
  <TestSettings name="default" id="de391cdd-6639-47ab-91f2-2df4b6f71d3b">
    <Deployment runDeploymentRoot="_cursor_2025-08-24_06_48_39" />
  </TestSettings>
  <Results>
    <UnitTestResult executionId="c68336a2-ed9a-4b8d-a5bd-27d0e8e02c3e" testId="64bc4b94-0742-b2f3-992b-36a3c16e5c83" testName="GameCore.Tests.Validation.ValidationAttributeTests.UsernameValidationAttribute_WithNullOrEmpty_ShouldFail(username: &quot;&quot;)" computerName="cursor" duration="00:00:00.0000710" startTime="2025-08-24T06:48:39.1979324+00:00" endTime="2025-08-24T06:48:39.1979324+00:00" testType="13cdc9d9-ddb5-4fa4-a97d-d965ccfc6d4b" outcome="Passed" testListId="8c84fa94-04c1-424b-9868-57a2d4851a1d" relativeResultsDirectory="c68336a2-ed9a-4b8d-a5bd-27d0e8e02c3e" />
    <UnitTestResult executionId="0fdebd68-4c41-48fb-a717-9440bf16ea7e" testId="00a45e5f-b068-e3e8-757f-c334a21032cf" testName="GameCore.Tests.Validation.ValidationAttributeTests.UsernameValidationAttribute_WithInvalidLength_ShouldFail(username: &quot;verylongusername123456789&quot;)" computerName="cursor" duration="00:00:00.0001332" startTime="2025-08-24T06:48:39.1983549+00:00" endTime="2025-08-24T06:48:39.1983550+00:00" testType="13cdc9d9-ddb5-4fa4-a97d-d965ccfc6d4b" outcome="Passed" testListId="8c84fa94-04c1-424b-9868-57a2d4851a1d" relativeResultsDirectory="0fdebd68-4c41-48fb-a717-9440bf16ea7e" />
    <UnitTestResult executionId="c863efdb-1bd7-44c1-9c23-c4fe800053fc" testId="906a965e-f9a1-6742-55d1-97693166996d" testName="GameCore.Tests.Validation.ValidationAttributeTests.UsernameValidationAttribute_WithInvalidStartOrEnd_ShouldFail(username: &quot;username_&quot;)" computerName="cursor" duration="00:00:00.0001487" startTime="2025-08-24T06:48:39.1444336+00:00" endTime="2025-08-24T06:48:39.1444337+00:00" testType="13cdc9d9-ddb5-4fa4-a97d-d965ccfc6d4b" outcome="Passed" testListId="8c84fa94-04c1-424b-9868-57a2d4851a1d" relativeResultsDirectory="c863efdb-1bd7-44c1-9c23-c4fe800053fc" />
    <UnitTestResult executionId="61da6af5-7237-4d1f-af36-8b6abb1e4ad9" testId="bd63f83e-7ecd-b67d-ba48-6d5b0560efbc" testName="GameCore.Tests.HealthControllerTests.GetDetailed_ShouldReturnOkResult" computerName="cursor" duration="00:00:00.0014764" startTime="2025-08-24T06:48:39.2235370+00:00" endTime="2025-08-24T06:48:39.2235371+00:00" testType="13cdc9d9-ddb5-4fa4-a97d-d965ccfc6d4b" outcome="Passed" testListId="8c84fa94-04c1-424b-9868-57a2d4851a1d" relativeResultsDirectory="61da6af5-7237-4d1f-af36-8b6abb1e4ad9" />
    <UnitTestResult executionId="caa6f4cd-784b-42c3-8598-c80cc4ca2143" testId="d9a2033c-60a2-1ae5-7552-62b589386f4a" testName="GameCore.Tests.Validation.ValidationAttributeTests.UsernameValidationAttribute_WithNullOrEmpty_ShouldFail(username: &quot;   &quot;)" computerName="cursor" duration="00:00:00.0001437" startTime="2025-08-24T06:48:39.1979177+00:00" endTime="2025-08-24T06:48:39.1979177+00:00" testType="13cdc9d9-ddb5-4fa4-a97d-d965ccfc6d4b" outcome="Passed" testListId="8c84fa94-04c1-424b-9868-57a2d4851a1d" relativeResultsDirectory="caa6f4cd-784b-42c3-8598-c80cc4ca2143" />
    <UnitTestResult executionId="122b6145-2b36-4d0d-a557-ee1b955d1696" testId="cb01c3d4-616a-ff7e-4f1e-15942e468eae" testName="GameCore.Tests.Validation.ValidationAttributeTests.PasswordValidationAttribute_WithTooShortPassword_ShouldFail(password: &quot;short&quot;)" computerName="cursor" duration="00:00:00.0193398" startTime="2025-08-24T06:48:39.1291933+00:00" endTime="2025-08-24T06:48:39.1292055+00:00" testType="13cdc9d9-ddb5-4fa4-a97d-d965ccfc6d4b" outcome="Passed" testListId="8c84fa94-04c1-424b-9868-57a2d4851a1d" relativeResultsDirectory="122b6145-2b36-4d0d-a557-ee1b955d1696" />
    <UnitTestResult executionId="584f1c6e-41d1-46b3-92ac-995641ce336f" testId="31147afe-7013-4c93-d06a-a25a0d87531f" testName="GameCore.Tests.Validation.ValidationAttributeTests.UsernameValidationAttribute_WithValidLength_ShouldPass(username: &quot;verylonguser12345678&quot;)" computerName="cursor" duration="00:00:00.0000978" startTime="2025-08-24T06:48:39.1978039+00:00" endTime="2025-08-24T06:48:39.1978039+00:00" testType="13cdc9d9-ddb5-4fa4-a97d-d965ccfc6d4b" outcome="Passed" testListId="8c84fa94-04c1-424b-9868-57a2d4851a1d" relativeResultsDirectory="584f1c6e-41d1-46b3-92ac-995641ce336f" />
    <UnitTestResult executionId="d6955bba-621d-4ec8-b887-4e7cbec8f18c" testId="2c1c16e5-94a6-6ec0-2bfc-19d5384fdaf6" testName="GameCore.Tests.Validation.ValidationAttributeTests.PasswordValidationAttribute_WithStrongPassword_ShouldPass(password: &quot;MyP@ssw0rd&quot;)" computerName="cursor" duration="00:00:00.0000861" startTime="2025-08-24T06:48:39.1987258+00:00" endTime="2025-08-24T06:48:39.1987259+00:00" testType="13cdc9d9-ddb5-4fa4-a97d-d965ccfc6d4b" outcome="Passed" testListId="8c84fa94-04c1-424b-9868-57a2d4851a1d" relativeResultsDirectory="d6955bba-621d-4ec8-b887-4e7cbec8f18c" />
    <UnitTestResult executionId="f93ff24d-314a-4947-ae1f-ae92d24c27b8" testId="a07dbbd7-a0fc-8d85-1bfd-3bb5e71c2272" testName="GameCore.Tests.Validation.ValidationAttributeTests.UsernameValidationAttribute_WithInvalidCharacters_ShouldFail(username: &quot;user$name&quot;)" computerName="cursor" duration="00:00:00.0000056" startTime="2025-08-24T06:48:39.1966155+00:00" endTime="2025-08-24T06:48:39.1966155+00:00" testType="13cdc9d9-ddb5-4fa4-a97d-d965ccfc6d4b" outcome="Passed" testListId="8c84fa94-04c1-424b-9868-57a2d4851a1d" relativeResultsDirectory="f93ff24d-314a-4947-ae1f-ae92d24c27b8" />
    <UnitTestResult executionId="0bcfe239-343f-4cfa-b202-2131cc8a6c3c" testId="b257d2c1-0495-4008-f0c6-2de3c97234f2" testName="GameCore.Tests.Validation.ValidationAttributeTests.PasswordValidationAttribute_WithTooShortPassword_ShouldFail(password: &quot;1234567&quot;)" computerName="cursor" duration="00:00:00.0001795" startTime="2025-08-24T06:48:39.1369759+00:00" endTime="2025-08-24T06:48:39.1369760+00:00" testType="13cdc9d9-ddb5-4fa4-a97d-d965ccfc6d4b" outcome="Passed" testListId="8c84fa94-04c1-424b-9868-57a2d4851a1d" relativeResultsDirectory="0bcfe239-343f-4cfa-b202-2131cc8a6c3c" />
    <UnitTestResult executionId="13666451-f241-4047-9fb9-f7cd101b85dd" testId="e226f534-eb20-a82b-fcac-cf2630cedca4" testName="GameCore.Tests.Validation.ValidationAttributeTests.UsernameValidationAttribute_WithInvalidStartOrEnd_ShouldFail(username: &quot;-username&quot;)" computerName="cursor" duration="00:00:00.0000060" startTime="2025-08-24T06:48:39.1444813+00:00" endTime="2025-08-24T06:48:39.1444814+00:00" testType="13cdc9d9-ddb5-4fa4-a97d-d965ccfc6d4b" outcome="Passed" testListId="8c84fa94-04c1-424b-9868-57a2d4851a1d" relativeResultsDirectory="13666451-f241-4047-9fb9-f7cd101b85dd" />
    <UnitTestResult executionId="602f6e6a-e9f0-455d-a382-c2ff9f234cb9" testId="d3fa0e5b-5f42-a484-3712-20a38029346b" testName="GameCore.Tests.Validation.ValidationAttributeTests.PasswordValidationAttribute_WithNullOrEmpty_ShouldFail(password: null)" computerName="cursor" duration="00:00:00.0001931" startTime="2025-08-24T06:48:39.1982998+00:00" endTime="2025-08-24T06:48:39.1982998+00:00" testType="13cdc9d9-ddb5-4fa4-a97d-d965ccfc6d4b" outcome="Passed" testListId="8c84fa94-04c1-424b-9868-57a2d4851a1d" relativeResultsDirectory="602f6e6a-e9f0-455d-a382-c2ff9f234cb9" />
    <UnitTestResult executionId="50b77903-0a15-4c45-8ba9-3e7db5eb2c84" testId="d8251a4f-2024-2f56-cc31-a05415fded0d" testName="GameCore.Tests.Validation.ValidationAttributeTests.UsernameValidationAttribute_WithValidLength_ShouldPass(username: &quot;abc&quot;)" computerName="cursor" duration="00:00:00.0000050" startTime="2025-08-24T06:48:39.1978187+00:00" endTime="2025-08-24T06:48:39.1978188+00:00" testType="13cdc9d9-ddb5-4fa4-a97d-d965ccfc6d4b" outcome="Passed" testListId="8c84fa94-04c1-424b-9868-57a2d4851a1d" relativeResultsDirectory="50b77903-0a15-4c45-8ba9-3e7db5eb2c84" />
    <UnitTestResult executionId="d0bc8623-a517-4ae7-a343-99e89f729bc9" testId="07be573a-a557-30bf-aaae-fd9ead2faaa0" testName="GameCore.Tests.Validation.ValidationAttributeTests.PasswordValidationAttribute_WithWeakPassword_ShouldFail(password: &quot;password123!&quot;)" computerName="cursor" duration="00:00:00.0000047" startTime="2025-08-24T06:48:39.1978648+00:00" endTime="2025-08-24T06:48:39.1978649+00:00" testType="13cdc9d9-ddb5-4fa4-a97d-d965ccfc6d4b" outcome="Passed" testListId="8c84fa94-04c1-424b-9868-57a2d4851a1d" relativeResultsDirectory="d0bc8623-a517-4ae7-a343-99e89f729bc9" />
    <UnitTestResult executionId="3419e971-3a3e-445f-84e9-573a0b71d8ab" testId="43cab480-0fbf-6fd0-7b50-75d6aec1fb49" testName="GameCore.Tests.Validation.ValidationAttributeTests.UsernameValidationAttribute_WithInvalidCharacters_ShouldFail(username: &quot;user.name&quot;)" computerName="cursor" duration="00:00:00.0000863" startTime="2025-08-24T06:48:39.1445324+00:00" endTime="2025-08-24T06:48:39.1445324+00:00" testType="13cdc9d9-ddb5-4fa4-a97d-d965ccfc6d4b" outcome="Passed" testListId="8c84fa94-04c1-424b-9868-57a2d4851a1d" relativeResultsDirectory="3419e971-3a3e-445f-84e9-573a0b71d8ab" />
    <UnitTestResult executionId="90445176-6462-4532-b629-343e8fb15dea" testId="0ad5c7f1-5d59-e47e-9278-1bc14b25e679" testName="GameCore.Tests.Validation.ValidationAttributeTests.PasswordValidationAttribute_WithValidPassword_ShouldPass" computerName="cursor" duration="00:00:00.0000791" startTime="2025-08-24T06:48:39.1986908+00:00" endTime="2025-08-24T06:48:39.1986909+00:00" testType="13cdc9d9-ddb5-4fa4-a97d-d965ccfc6d4b" outcome="Passed" testListId="8c84fa94-04c1-424b-9868-57a2d4851a1d" relativeResultsDirectory="90445176-6462-4532-b629-343e8fb15dea" />
    <UnitTestResult executionId="0c9e6242-4770-4c23-9fe2-8dbf31e6db06" testId="fe2aea58-6092-be73-8363-549c28ecbc4c" testName="GameCore.Tests.Validation.ValidationAttributeTests.PasswordValidationAttribute_WithWeakPassword_ShouldFail(password: &quot;PASSWORD123!&quot;)" computerName="cursor" duration="00:00:00.0000909" startTime="2025-08-24T06:48:39.1978501+00:00" endTime="2025-08-24T06:48:39.1978502+00:00" testType="13cdc9d9-ddb5-4fa4-a97d-d965ccfc6d4b" outcome="Passed" testListId="8c84fa94-04c1-424b-9868-57a2d4851a1d" relativeResultsDirectory="0c9e6242-4770-4c23-9fe2-8dbf31e6db06" />
    <UnitTestResult executionId="cfe6f1b2-618d-45ca-af51-6dd6cc6b815b" testId="341b2a6e-6019-ebeb-56a5-bbce6e3af3f4" testName="GameCore.Tests.Validation.ValidationAttributeTests.UsernameValidationAttribute_WithValidCharacters_ShouldPass(username: &quot;user-name&quot;)" computerName="cursor" duration="00:00:00.0001812" startTime="2025-08-24T06:48:39.1966543+00:00" endTime="2025-08-24T06:48:39.1966544+00:00" testType="13cdc9d9-ddb5-4fa4-a97d-d965ccfc6d4b" outcome="Passed" testListId="8c84fa94-04c1-424b-9868-57a2d4851a1d" relativeResultsDirectory="cfe6f1b2-618d-45ca-af51-6dd6cc6b815b" />
    <UnitTestResult executionId="7a03d779-6715-40f3-a208-39a7a6b48861" testId="76d59455-75f4-20fa-ef19-4f1835f23152" testName="GameCore.Tests.Validation.ValidationAttributeTests.PasswordValidationAttribute_WithNullOrEmpty_ShouldFail(password: &quot;&quot;)" computerName="cursor" duration="00:00:00.0000070" startTime="2025-08-24T06:48:39.1983261+00:00" endTime="2025-08-24T06:48:39.1983262+00:00" testType="13cdc9d9-ddb5-4fa4-a97d-d965ccfc6d4b" outcome="Passed" testListId="8c84fa94-04c1-424b-9868-57a2d4851a1d" relativeResultsDirectory="7a03d779-6715-40f3-a208-39a7a6b48861" />
    <UnitTestResult executionId="ac7ca9af-8228-4b17-ba40-f0b428a638c9" testId="ce7de259-8a99-2996-1815-5642eb925eee" testName="GameCore.Tests.Validation.ValidationAttributeTests.UsernameValidationAttribute_WithInvalidLength_ShouldFail(username: &quot;a&quot;)" computerName="cursor" duration="00:00:00.0000071" startTime="2025-08-24T06:48:39.1983839+00:00" endTime="2025-08-24T06:48:39.1983840+00:00" testType="13cdc9d9-ddb5-4fa4-a97d-d965ccfc6d4b" outcome="Passed" testListId="8c84fa94-04c1-424b-9868-57a2d4851a1d" relativeResultsDirectory="ac7ca9af-8228-4b17-ba40-f0b428a638c9" />
    <UnitTestResult executionId="9e88c01e-b868-42aa-bb33-7bba953cc18d" testId="a2fa2569-276a-920e-f4d4-a15231129cc9" testName="GameCore.Tests.Validation.ValidationAttributeTests.PasswordValidationAttribute_WithWeakPassword_ShouldFail(password: &quot;Password!&quot;)" computerName="cursor" duration="00:00:00.0000048" startTime="2025-08-24T06:48:39.1978778+00:00" endTime="2025-08-24T06:48:39.1978779+00:00" testType="13cdc9d9-ddb5-4fa4-a97d-d965ccfc6d4b" outcome="Passed" testListId="8c84fa94-04c1-424b-9868-57a2d4851a1d" relativeResultsDirectory="9e88c01e-b868-42aa-bb33-7bba953cc18d" />
    <UnitTestResult executionId="efcf2b5e-e31e-4234-a86d-04331302aeaf" testId="b88a5084-38b5-a8aa-36a8-cbc5a37123cd" testName="GameCore.Tests.Validation.ValidationAttributeTests.UsernameValidationAttribute_WithValidLength_ShouldPass(username: &quot;validuser123&quot;)" computerName="cursor" duration="00:00:00.0000784" startTime="2025-08-24T06:48:39.1977791+00:00" endTime="2025-08-24T06:48:39.1977792+00:00" testType="13cdc9d9-ddb5-4fa4-a97d-d965ccfc6d4b" outcome="Passed" testListId="8c84fa94-04c1-424b-9868-57a2d4851a1d" relativeResultsDirectory="efcf2b5e-e31e-4234-a86d-04331302aeaf" />
    <UnitTestResult executionId="5afd91c4-760b-4298-83f4-2070da9a93c6" testId="2f08ef87-e494-2c48-818c-fdf2ad28459d" testName="GameCore.Tests.Validation.ValidationAttributeTests.PasswordValidationAttribute_WithStrongPassword_ShouldPass(password: &quot;Strong@Password1&quot;)" computerName="cursor" duration="00:00:00.0000148" startTime="2025-08-24T06:48:39.1987392+00:00" endTime="2025-08-24T06:48:39.1987392+00:00" testType="13cdc9d9-ddb5-4fa4-a97d-d965ccfc6d4b" outcome="Passed" testListId="8c84fa94-04c1-424b-9868-57a2d4851a1d" relativeResultsDirectory="5afd91c4-760b-4298-83f4-2070da9a93c6" />
    <UnitTestResult executionId="ad01d484-2217-4798-976b-256ba52f6ef5" testId="e85d8944-a904-0b9b-79c7-8c1974d558df" testName="GameCore.Tests.Validation.ValidationAttributeTests.UsernameValidationAttribute_WithInvalidStartOrEnd_ShouldFail(username: &quot;_username&quot;)" computerName="cursor" duration="00:00:00.0004874" startTime="2025-08-24T06:48:39.1373028+00:00" endTime="2025-08-24T06:48:39.1373029+00:00" testType="13cdc9d9-ddb5-4fa4-a97d-d965ccfc6d4b" outcome="Passed" testListId="8c84fa94-04c1-424b-9868-57a2d4851a1d" relativeResultsDirectory="ad01d484-2217-4798-976b-256ba52f6ef5" />
    <UnitTestResult executionId="3cfc302b-19d3-4705-a84d-cb6b7e7a09b7" testId="4069911f-b06f-dd13-e1ba-5ae6c3955415" testName="GameCore.Tests.Validation.ValidationAttributeTests.UsernameValidationAttribute_WithValidCharacters_ShouldPass(username: &quot;user-name_123&quot;)" computerName="cursor" duration="00:00:00.0000782" startTime="2025-08-24T06:48:39.1966676+00:00" endTime="2025-08-24T06:48:39.1966677+00:00" testType="13cdc9d9-ddb5-4fa4-a97d-d965ccfc6d4b" outcome="Passed" testListId="8c84fa94-04c1-424b-9868-57a2d4851a1d" relativeResultsDirectory="3cfc302b-19d3-4705-a84d-cb6b7e7a09b7" />
    <UnitTestResult executionId="36bafd0e-9ae5-458d-bc9c-80365b8df84b" testId="fb9c0096-05a0-38bf-a182-6f6a4f2c4095" testName="GameCore.Tests.Validation.ValidationAttributeTests.UsernameValidationAttribute_WithValidCharacters_ShouldPass(username: &quot;validuser&quot;)" computerName="cursor" duration="00:00:00.0000014" startTime="2025-08-24T06:48:39.1967273+00:00" endTime="2025-08-24T06:48:39.1967274+00:00" testType="13cdc9d9-ddb5-4fa4-a97d-d965ccfc6d4b" outcome="Passed" testListId="8c84fa94-04c1-424b-9868-57a2d4851a1d" relativeResultsDirectory="36bafd0e-9ae5-458d-bc9c-80365b8df84b" />
    <UnitTestResult executionId="6be099e7-204e-4b06-8ddd-5e19203c4574" testId="61c8962a-f5e5-0ded-c8ee-6b4b2729d611" testName="GameCore.Tests.HealthControllerTests.Get_ShouldReturnOkResult" computerName="cursor" duration="00:00:00.1152591" startTime="2025-08-24T06:48:39.2221104+00:00" endTime="2025-08-24T06:48:39.2221105+00:00" testType="13cdc9d9-ddb5-4fa4-a97d-d965ccfc6d4b" outcome="Passed" testListId="8c84fa94-04c1-424b-9868-57a2d4851a1d" relativeResultsDirectory="6be099e7-204e-4b06-8ddd-5e19203c4574" />
    <UnitTestResult executionId="02c41685-9583-4d2d-9318-ad271512b812" testId="a409adb9-df40-0bc3-ea0a-9e48ad0db4f8" testName="GameCore.Tests.Validation.ValidationAttributeTests.LoginRequestDto_WithValidData_ShouldPassValidation" computerName="cursor" duration="00:00:00.0006462" startTime="2025-08-24T06:48:39.1984004+00:00" endTime="2025-08-24T06:48:39.1984005+00:00" testType="13cdc9d9-ddb5-4fa4-a97d-d965ccfc6d4b" outcome="Passed" testListId="8c84fa94-04c1-424b-9868-57a2d4851a1d" relativeResultsDirectory="02c41685-9583-4d2d-9318-ad271512b812" />
    <UnitTestResult executionId="42571fca-901f-4b91-9b27-a0f727bf8703" testId="f0e6e01d-21db-4b2a-ff5b-8f7e6a0d0f3b" testName="GameCore.Tests.Validation.ValidationAttributeTests.LoginRequestDto_WithInvalidData_ShouldFailValidation" computerName="cursor" duration="00:00:00.0263906" startTime="2025-08-24T06:48:39.1982826+00:00" endTime="2025-08-24T06:48:39.1982826+00:00" testType="13cdc9d9-ddb5-4fa4-a97d-d965ccfc6d4b" outcome="Passed" testListId="8c84fa94-04c1-424b-9868-57a2d4851a1d" relativeResultsDirectory="42571fca-901f-4b91-9b27-a0f727bf8703" />
    <UnitTestResult executionId="7ad371a1-0bf0-4cb4-bf32-37c6fe86bf04" testId="eff3b31d-664e-4aef-a825-9901658fbfb9" testName="GameCore.Tests.Validation.ValidationAttributeTests.PasswordValidationAttribute_WithWeakPassword_ShouldFail(password: &quot;Password123&quot;)" computerName="cursor" duration="00:00:00.0002531" startTime="2025-08-24T06:48:39.1978365+00:00" endTime="2025-08-24T06:48:39.1978365+00:00" testType="13cdc9d9-ddb5-4fa4-a97d-d965ccfc6d4b" outcome="Passed" testListId="8c84fa94-04c1-424b-9868-57a2d4851a1d" relativeResultsDirectory="7ad371a1-0bf0-4cb4-bf32-37c6fe86bf04" />
    <UnitTestResult executionId="be4b345e-8844-4780-8af4-68e3abfe7e86" testId="8be56c6c-bc64-85c6-8d13-9e8a08107a80" testName="GameCore.Tests.Validation.ValidationAttributeTests.UsernameValidationAttribute_WithInvalidCharacters_ShouldFail(username: &quot;user name&quot;)" computerName="cursor" duration="00:00:00.0001431" startTime="2025-08-24T06:48:39.1445121+00:00" endTime="2025-08-24T06:48:39.1445122+00:00" testType="13cdc9d9-ddb5-4fa4-a97d-d965ccfc6d4b" outcome="Passed" testListId="8c84fa94-04c1-424b-9868-57a2d4851a1d" relativeResultsDirectory="be4b345e-8844-4780-8af4-68e3abfe7e86" />
    <UnitTestResult executionId="be4e46ad-4dcf-4b56-8278-37ed8aa67a1d" testId="1d6b7c9d-c615-1273-4fd0-31bef0d75a3b" testName="GameCore.Tests.Validation.ValidationAttributeTests.RegisterRequestDto_WithInvalidData_ShouldFailValidation" computerName="cursor" duration="00:00:00.0010800" startTime="2025-08-24T06:48:39.1988163+00:00" endTime="2025-08-24T06:48:39.1988163+00:00" testType="13cdc9d9-ddb5-4fa4-a97d-d965ccfc6d4b" outcome="Passed" testListId="8c84fa94-04c1-424b-9868-57a2d4851a1d" relativeResultsDirectory="be4e46ad-4dcf-4b56-8278-37ed8aa67a1d" />
    <UnitTestResult executionId="b2d9507a-1edc-450d-b75e-d5bb8d084c0b" testId="ecef2e1d-6c65-22e3-9bed-bf27a82ff8a2" testName="GameCore.Tests.Validation.ValidationAttributeTests.UsernameValidationAttribute_WithValidCharacters_ShouldPass(username: &quot;user123&quot;)" computerName="cursor" duration="00:00:00.0000096" startTime="2025-08-24T06:48:39.1967594+00:00" endTime="2025-08-24T06:48:39.1967595+00:00" testType="13cdc9d9-ddb5-4fa4-a97d-d965ccfc6d4b" outcome="Passed" testListId="8c84fa94-04c1-424b-9868-57a2d4851a1d" relativeResultsDirectory="b2d9507a-1edc-450d-b75e-d5bb8d084c0b" />
    <UnitTestResult executionId="ed07fea0-8299-4c60-b8ed-b8c69a5c06f2" testId="1611baeb-3a2f-16e9-f322-0d001ff2275a" testName="GameCore.Tests.Validation.ValidationAttributeTests.UsernameValidationAttribute_WithValidCharacters_ShouldPass(username: &quot;user123_name&quot;)" computerName="cursor" duration="00:00:00.0000051" startTime="2025-08-24T06:48:39.1967064+00:00" endTime="2025-08-24T06:48:39.1967065+00:00" testType="13cdc9d9-ddb5-4fa4-a97d-d965ccfc6d4b" outcome="Passed" testListId="8c84fa94-04c1-424b-9868-57a2d4851a1d" relativeResultsDirectory="ed07fea0-8299-4c60-b8ed-b8c69a5c06f2" />
    <UnitTestResult executionId="00e7312e-6458-4ddc-b7dc-a3ec33e4f295" testId="6dca0a0c-9c07-f918-f84f-9027d2b905b2" testName="GameCore.Tests.Validation.ValidationAttributeTests.UsernameValidationAttribute_WithInvalidLength_ShouldFail(username: &quot;ab&quot;)" computerName="cursor" duration="00:00:00.0000926" startTime="2025-08-24T06:48:39.1983698+00:00" endTime="2025-08-24T06:48:39.1983698+00:00" testType="13cdc9d9-ddb5-4fa4-a97d-d965ccfc6d4b" outcome="Passed" testListId="8c84fa94-04c1-424b-9868-57a2d4851a1d" relativeResultsDirectory="00e7312e-6458-4ddc-b7dc-a3ec33e4f295" />
    <UnitTestResult executionId="39fe8959-7704-4fa1-9f9c-52d003cfb715" testId="6b4f4ef3-cda3-02f5-b478-f29bdbd8704c" testName="GameCore.Tests.Validation.ValidationAttributeTests.UsernameValidationAttribute_WithInvalidCharacters_ShouldFail(username: &quot;user#name&quot;)" computerName="cursor" duration="00:00:00.0000255" startTime="2025-08-24T06:48:39.1966351+00:00" endTime="2025-08-24T06:48:39.1966352+00:00" testType="13cdc9d9-ddb5-4fa4-a97d-d965ccfc6d4b" outcome="Passed" testListId="8c84fa94-04c1-424b-9868-57a2d4851a1d" relativeResultsDirectory="39fe8959-7704-4fa1-9f9c-52d003cfb715" />
    <UnitTestResult executionId="42c294ac-19fe-4c39-b45d-02dcd80af6e8" testId="b6be0c65-8acc-3c8d-928b-baa49b09360d" testName="GameCore.Tests.Validation.ValidationAttributeTests.PasswordValidationAttribute_WithStrongPassword_ShouldPass(password: &quot;C0mpl3x!Pass&quot;)" computerName="cursor" duration="00:00:00.0000690" startTime="2025-08-24T06:48:39.1987122+00:00" endTime="2025-08-24T06:48:39.1987122+00:00" testType="13cdc9d9-ddb5-4fa4-a97d-d965ccfc6d4b" outcome="Passed" testListId="8c84fa94-04c1-424b-9868-57a2d4851a1d" relativeResultsDirectory="42c294ac-19fe-4c39-b45d-02dcd80af6e8" />
    <UnitTestResult executionId="118a03ba-6930-4496-b690-4c1b10d1f735" testId="8391b3c7-946f-c189-55c2-8d82e05f7c3b" testName="GameCore.Tests.Validation.ValidationAttributeTests.UsernameValidationAttribute_WithInvalidStartOrEnd_ShouldFail(username: &quot;username-&quot;)" computerName="cursor" duration="00:00:00.0000075" startTime="2025-08-24T06:48:39.1444658+00:00" endTime="2025-08-24T06:48:39.1444659+00:00" testType="13cdc9d9-ddb5-4fa4-a97d-d965ccfc6d4b" outcome="Passed" testListId="8c84fa94-04c1-424b-9868-57a2d4851a1d" relativeResultsDirectory="118a03ba-6930-4496-b690-4c1b10d1f735" />
    <UnitTestResult executionId="0d19a459-0292-4a18-a5ee-ef2a7b22ac3a" testId="afa77271-6ab7-2201-966d-ddbb834151b7" testName="GameCore.Tests.Validation.ValidationAttributeTests.PasswordValidationAttribute_WithStrongPassword_ShouldPass(password: &quot;ValidPass123!&quot;)" computerName="cursor" duration="00:00:00.0000039" startTime="2025-08-24T06:48:39.1987520+00:00" endTime="2025-08-24T06:48:39.1987521+00:00" testType="13cdc9d9-ddb5-4fa4-a97d-d965ccfc6d4b" outcome="Passed" testListId="8c84fa94-04c1-424b-9868-57a2d4851a1d" relativeResultsDirectory="0d19a459-0292-4a18-a5ee-ef2a7b22ac3a" />
    <UnitTestResult executionId="97769390-be73-4492-ae7f-b454ab94625f" testId="16f99dd8-b488-58a9-21a5-33fefdc57255" testName="GameCore.Tests.Validation.ValidationAttributeTests.UsernameValidationAttribute_WithValidCharacters_ShouldPass(username: &quot;user_name&quot;)" computerName="cursor" duration="00:00:00.0000039" startTime="2025-08-24T06:48:39.1967453+00:00" endTime="2025-08-24T06:48:39.1967454+00:00" testType="13cdc9d9-ddb5-4fa4-a97d-d965ccfc6d4b" outcome="Passed" testListId="8c84fa94-04c1-424b-9868-57a2d4851a1d" relativeResultsDirectory="97769390-be73-4492-ae7f-b454ab94625f" />
    <UnitTestResult executionId="c2dfc650-0a6f-40c5-a128-6199da9a3bf7" testId="bf027054-a7d1-27fc-23af-869fb1036092" testName="GameCore.Tests.Validation.ValidationAttributeTests.UsernameValidationAttribute_WithInvalidCharacters_ShouldFail(username: &quot;user@name&quot;)" computerName="cursor" duration="00:00:00.0000067" startTime="2025-08-24T06:48:39.1964759+00:00" endTime="2025-08-24T06:48:39.1964760+00:00" testType="13cdc9d9-ddb5-4fa4-a97d-d965ccfc6d4b" outcome="Passed" testListId="8c84fa94-04c1-424b-9868-57a2d4851a1d" relativeResultsDirectory="c2dfc650-0a6f-40c5-a128-6199da9a3bf7" />
    <UnitTestResult executionId="0e27314f-3d6e-47b3-9197-f0123275aa7d" testId="b7316041-e04d-dfc4-993d-55f4d9d26b38" testName="GameCore.Tests.Validation.ValidationAttributeTests.RegisterRequestDto_WithValidData_ShouldPassValidation" computerName="cursor" duration="00:00:00.0010480" startTime="2025-08-24T06:48:39.1987789+00:00" endTime="2025-08-24T06:48:39.1987789+00:00" testType="13cdc9d9-ddb5-4fa4-a97d-d965ccfc6d4b" outcome="Passed" testListId="8c84fa94-04c1-424b-9868-57a2d4851a1d" relativeResultsDirectory="0e27314f-3d6e-47b3-9197-f0123275aa7d" />
    <UnitTestResult executionId="9f89b370-25cb-41e1-af4f-275f3d1ff2ef" testId="3bb08c13-f2c6-79a6-8a0f-d704f631f4f3" testName="GameCore.Tests.Validation.ValidationAttributeTests.UsernameValidationAttribute_WithValidUsername_ShouldPass" computerName="cursor" duration="00:00:00.0001119" startTime="2025-08-24T06:48:39.1987998+00:00" endTime="2025-08-24T06:48:39.1987998+00:00" testType="13cdc9d9-ddb5-4fa4-a97d-d965ccfc6d4b" outcome="Passed" testListId="8c84fa94-04c1-424b-9868-57a2d4851a1d" relativeResultsDirectory="9f89b370-25cb-41e1-af4f-275f3d1ff2ef" />
    <UnitTestResult executionId="2d0e3c24-a6d0-467e-b31b-92d9b6240137" testId="af3a2316-e0a9-62cc-59af-b68f9fe2d1e7" testName="GameCore.Tests.Validation.ValidationAttributeTests.PasswordValidationAttribute_WithNullOrEmpty_ShouldFail(password: &quot;   &quot;)" computerName="cursor" duration="00:00:00.0000881" startTime="2025-08-24T06:48:39.1983134+00:00" endTime="2025-08-24T06:48:39.1983134+00:00" testType="13cdc9d9-ddb5-4fa4-a97d-d965ccfc6d4b" outcome="Passed" testListId="8c84fa94-04c1-424b-9868-57a2d4851a1d" relativeResultsDirectory="2d0e3c24-a6d0-467e-b31b-92d9b6240137" />
    <UnitTestResult executionId="1e560299-11d8-4e3e-af47-e87a994162af" testId="70f66a03-7e2c-20c1-bb39-7274b7ea3522" testName="GameCore.Tests.Validation.ValidationAttributeTests.UsernameValidationAttribute_WithNullOrEmpty_ShouldFail(username: null)" computerName="cursor" duration="00:00:00.0000068" startTime="2025-08-24T06:48:39.1982610+00:00" endTime="2025-08-24T06:48:39.1982611+00:00" testType="13cdc9d9-ddb5-4fa4-a97d-d965ccfc6d4b" outcome="Passed" testListId="8c84fa94-04c1-424b-9868-57a2d4851a1d" relativeResultsDirectory="1e560299-11d8-4e3e-af47-e87a994162af" />
  </Results>
  <TestDefinitions>
    <UnitTest name="GameCore.Tests.Validation.ValidationAttributeTests.UsernameValidationAttribute_WithValidCharacters_ShouldPass(username: &quot;user-name&quot;)" storage="/workspace/tests/gamecore.tests/bin/debug/net8.0/gamecore.tests.dll" id="341b2a6e-6019-ebeb-56a5-bbce6e3af3f4">
      <Execution id="cfe6f1b2-618d-45ca-af51-6dd6cc6b815b" />
      <TestMethod codeBase="/workspace/tests/GameCore.Tests/bin/Debug/net8.0/GameCore.Tests.dll" adapterTypeName="executor://xunit/VsTestRunner2/netcoreapp" className="GameCore.Tests.Validation.ValidationAttributeTests" name="UsernameValidationAttribute_WithValidCharacters_ShouldPass" />
    </UnitTest>
    <UnitTest name="GameCore.Tests.Validation.ValidationAttributeTests.LoginRequestDto_WithInvalidData_ShouldFailValidation" storage="/workspace/tests/gamecore.tests/bin/debug/net8.0/gamecore.tests.dll" id="f0e6e01d-21db-4b2a-ff5b-8f7e6a0d0f3b">
      <Execution id="42571fca-901f-4b91-9b27-a0f727bf8703" />
      <TestMethod codeBase="/workspace/tests/GameCore.Tests/bin/Debug/net8.0/GameCore.Tests.dll" adapterTypeName="executor://xunit/VsTestRunner2/netcoreapp" className="GameCore.Tests.Validation.ValidationAttributeTests" name="LoginRequestDto_WithInvalidData_ShouldFailValidation" />
    </UnitTest>
    <UnitTest name="GameCore.Tests.Validation.ValidationAttributeTests.UsernameValidationAttribute_WithInvalidLength_ShouldFail(username: &quot;a&quot;)" storage="/workspace/tests/gamecore.tests/bin/debug/net8.0/gamecore.tests.dll" id="ce7de259-8a99-2996-1815-5642eb925eee">
      <Execution id="ac7ca9af-8228-4b17-ba40-f0b428a638c9" />
      <TestMethod codeBase="/workspace/tests/GameCore.Tests/bin/Debug/net8.0/GameCore.Tests.dll" adapterTypeName="executor://xunit/VsTestRunner2/netcoreapp" className="GameCore.Tests.Validation.ValidationAttributeTests" name="UsernameValidationAttribute_WithInvalidLength_ShouldFail" />
    </UnitTest>
    <UnitTest name="GameCore.Tests.HealthControllerTests.GetDetailed_ShouldReturnOkResult" storage="/workspace/tests/gamecore.tests/bin/debug/net8.0/gamecore.tests.dll" id="bd63f83e-7ecd-b67d-ba48-6d5b0560efbc">
      <Execution id="61da6af5-7237-4d1f-af36-8b6abb1e4ad9" />
      <TestMethod codeBase="/workspace/tests/GameCore.Tests/bin/Debug/net8.0/GameCore.Tests.dll" adapterTypeName="executor://xunit/VsTestRunner2/netcoreapp" className="GameCore.Tests.HealthControllerTests" name="GetDetailed_ShouldReturnOkResult" />
    </UnitTest>
    <UnitTest name="GameCore.Tests.Validation.ValidationAttributeTests.UsernameValidationAttribute_WithInvalidCharacters_ShouldFail(username: &quot;user#name&quot;)" storage="/workspace/tests/gamecore.tests/bin/debug/net8.0/gamecore.tests.dll" id="6b4f4ef3-cda3-02f5-b478-f29bdbd8704c">
      <Execution id="39fe8959-7704-4fa1-9f9c-52d003cfb715" />
      <TestMethod codeBase="/workspace/tests/GameCore.Tests/bin/Debug/net8.0/GameCore.Tests.dll" adapterTypeName="executor://xunit/VsTestRunner2/netcoreapp" className="GameCore.Tests.Validation.ValidationAttributeTests" name="UsernameValidationAttribute_WithInvalidCharacters_ShouldFail" />
    </UnitTest>
    <UnitTest name="GameCore.Tests.Validation.ValidationAttributeTests.UsernameValidationAttribute_WithInvalidLength_ShouldFail(username: &quot;ab&quot;)" storage="/workspace/tests/gamecore.tests/bin/debug/net8.0/gamecore.tests.dll" id="6dca0a0c-9c07-f918-f84f-9027d2b905b2">
      <Execution id="00e7312e-6458-4ddc-b7dc-a3ec33e4f295" />
      <TestMethod codeBase="/workspace/tests/GameCore.Tests/bin/Debug/net8.0/GameCore.Tests.dll" adapterTypeName="executor://xunit/VsTestRunner2/netcoreapp" className="GameCore.Tests.Validation.ValidationAttributeTests" name="UsernameValidationAttribute_WithInvalidLength_ShouldFail" />
    </UnitTest>
    <UnitTest name="GameCore.Tests.Validation.ValidationAttributeTests.PasswordValidationAttribute_WithStrongPassword_ShouldPass(password: &quot;Strong@Password1&quot;)" storage="/workspace/tests/gamecore.tests/bin/debug/net8.0/gamecore.tests.dll" id="2f08ef87-e494-2c48-818c-fdf2ad28459d">
      <Execution id="5afd91c4-760b-4298-83f4-2070da9a93c6" />
      <TestMethod codeBase="/workspace/tests/GameCore.Tests/bin/Debug/net8.0/GameCore.Tests.dll" adapterTypeName="executor://xunit/VsTestRunner2/netcoreapp" className="GameCore.Tests.Validation.ValidationAttributeTests" name="PasswordValidationAttribute_WithStrongPassword_ShouldPass" />
    </UnitTest>
    <UnitTest name="GameCore.Tests.Validation.ValidationAttributeTests.UsernameValidationAttribute_WithValidCharacters_ShouldPass(username: &quot;user123_name&quot;)" storage="/workspace/tests/gamecore.tests/bin/debug/net8.0/gamecore.tests.dll" id="1611baeb-3a2f-16e9-f322-0d001ff2275a">
      <Execution id="ed07fea0-8299-4c60-b8ed-b8c69a5c06f2" />
      <TestMethod codeBase="/workspace/tests/GameCore.Tests/bin/Debug/net8.0/GameCore.Tests.dll" adapterTypeName="executor://xunit/VsTestRunner2/netcoreapp" className="GameCore.Tests.Validation.ValidationAttributeTests" name="UsernameValidationAttribute_WithValidCharacters_ShouldPass" />
    </UnitTest>
    <UnitTest name="GameCore.Tests.HealthControllerTests.Get_ShouldReturnOkResult" storage="/workspace/tests/gamecore.tests/bin/debug/net8.0/gamecore.tests.dll" id="61c8962a-f5e5-0ded-c8ee-6b4b2729d611">
      <Execution id="6be099e7-204e-4b06-8ddd-5e19203c4574" />
      <TestMethod codeBase="/workspace/tests/GameCore.Tests/bin/Debug/net8.0/GameCore.Tests.dll" adapterTypeName="executor://xunit/VsTestRunner2/netcoreapp" className="GameCore.Tests.HealthControllerTests" name="Get_ShouldReturnOkResult" />
    </UnitTest>
    <UnitTest name="GameCore.Tests.Validation.ValidationAttributeTests.UsernameValidationAttribute_WithValidUsername_ShouldPass" storage="/workspace/tests/gamecore.tests/bin/debug/net8.0/gamecore.tests.dll" id="3bb08c13-f2c6-79a6-8a0f-d704f631f4f3">
      <Execution id="9f89b370-25cb-41e1-af4f-275f3d1ff2ef" />
      <TestMethod codeBase="/workspace/tests/GameCore.Tests/bin/Debug/net8.0/GameCore.Tests.dll" adapterTypeName="executor://xunit/VsTestRunner2/netcoreapp" className="GameCore.Tests.Validation.ValidationAttributeTests" name="UsernameValidationAttribute_WithValidUsername_ShouldPass" />
    </UnitTest>
    <UnitTest name="GameCore.Tests.Validation.ValidationAttributeTests.PasswordValidationAttribute_WithTooShortPassword_ShouldFail(password: &quot;short&quot;)" storage="/workspace/tests/gamecore.tests/bin/debug/net8.0/gamecore.tests.dll" id="cb01c3d4-616a-ff7e-4f1e-15942e468eae">
      <Execution id="122b6145-2b36-4d0d-a557-ee1b955d1696" />
      <TestMethod codeBase="/workspace/tests/GameCore.Tests/bin/Debug/net8.0/GameCore.Tests.dll" adapterTypeName="executor://xunit/VsTestRunner2/netcoreapp" className="GameCore.Tests.Validation.ValidationAttributeTests" name="PasswordValidationAttribute_WithTooShortPassword_ShouldFail" />
    </UnitTest>
    <UnitTest name="GameCore.Tests.Validation.ValidationAttributeTests.PasswordValidationAttribute_WithWeakPassword_ShouldFail(password: &quot;Password123&quot;)" storage="/workspace/tests/gamecore.tests/bin/debug/net8.0/gamecore.tests.dll" id="eff3b31d-664e-4aef-a825-9901658fbfb9">
      <Execution id="7ad371a1-0bf0-4cb4-bf32-37c6fe86bf04" />
      <TestMethod codeBase="/workspace/tests/GameCore.Tests/bin/Debug/net8.0/GameCore.Tests.dll" adapterTypeName="executor://xunit/VsTestRunner2/netcoreapp" className="GameCore.Tests.Validation.ValidationAttributeTests" name="PasswordValidationAttribute_WithWeakPassword_ShouldFail" />
    </UnitTest>
    <UnitTest name="GameCore.Tests.Validation.ValidationAttributeTests.UsernameValidationAttribute_WithInvalidCharacters_ShouldFail(username: &quot;user name&quot;)" storage="/workspace/tests/gamecore.tests/bin/debug/net8.0/gamecore.tests.dll" id="8be56c6c-bc64-85c6-8d13-9e8a08107a80">
      <Execution id="be4b345e-8844-4780-8af4-68e3abfe7e86" />
      <TestMethod codeBase="/workspace/tests/GameCore.Tests/bin/Debug/net8.0/GameCore.Tests.dll" adapterTypeName="executor://xunit/VsTestRunner2/netcoreapp" className="GameCore.Tests.Validation.ValidationAttributeTests" name="UsernameValidationAttribute_WithInvalidCharacters_ShouldFail" />
    </UnitTest>
    <UnitTest name="GameCore.Tests.Validation.ValidationAttributeTests.UsernameValidationAttribute_WithNullOrEmpty_ShouldFail(username: &quot;   &quot;)" storage="/workspace/tests/gamecore.tests/bin/debug/net8.0/gamecore.tests.dll" id="d9a2033c-60a2-1ae5-7552-62b589386f4a">
      <Execution id="caa6f4cd-784b-42c3-8598-c80cc4ca2143" />
      <TestMethod codeBase="/workspace/tests/GameCore.Tests/bin/Debug/net8.0/GameCore.Tests.dll" adapterTypeName="executor://xunit/VsTestRunner2/netcoreapp" className="GameCore.Tests.Validation.ValidationAttributeTests" name="UsernameValidationAttribute_WithNullOrEmpty_ShouldFail" />
    </UnitTest>
    <UnitTest name="GameCore.Tests.Validation.ValidationAttributeTests.PasswordValidationAttribute_WithWeakPassword_ShouldFail(password: &quot;password123!&quot;)" storage="/workspace/tests/gamecore.tests/bin/debug/net8.0/gamecore.tests.dll" id="07be573a-a557-30bf-aaae-fd9ead2faaa0">
      <Execution id="d0bc8623-a517-4ae7-a343-99e89f729bc9" />
      <TestMethod codeBase="/workspace/tests/GameCore.Tests/bin/Debug/net8.0/GameCore.Tests.dll" adapterTypeName="executor://xunit/VsTestRunner2/netcoreapp" className="GameCore.Tests.Validation.ValidationAttributeTests" name="PasswordValidationAttribute_WithWeakPassword_ShouldFail" />
    </UnitTest>
    <UnitTest name="GameCore.Tests.Validation.ValidationAttributeTests.UsernameValidationAttribute_WithValidCharacters_ShouldPass(username: &quot;validuser&quot;)" storage="/workspace/tests/gamecore.tests/bin/debug/net8.0/gamecore.tests.dll" id="fb9c0096-05a0-38bf-a182-6f6a4f2c4095">
      <Execution id="36bafd0e-9ae5-458d-bc9c-80365b8df84b" />
      <TestMethod codeBase="/workspace/tests/GameCore.Tests/bin/Debug/net8.0/GameCore.Tests.dll" adapterTypeName="executor://xunit/VsTestRunner2/netcoreapp" className="GameCore.Tests.Validation.ValidationAttributeTests" name="UsernameValidationAttribute_WithValidCharacters_ShouldPass" />
    </UnitTest>
    <UnitTest name="GameCore.Tests.Validation.ValidationAttributeTests.UsernameValidationAttribute_WithNullOrEmpty_ShouldFail(username: null)" storage="/workspace/tests/gamecore.tests/bin/debug/net8.0/gamecore.tests.dll" id="70f66a03-7e2c-20c1-bb39-7274b7ea3522">
      <Execution id="1e560299-11d8-4e3e-af47-e87a994162af" />
      <TestMethod codeBase="/workspace/tests/GameCore.Tests/bin/Debug/net8.0/GameCore.Tests.dll" adapterTypeName="executor://xunit/VsTestRunner2/netcoreapp" className="GameCore.Tests.Validation.ValidationAttributeTests" name="UsernameValidationAttribute_WithNullOrEmpty_ShouldFail" />
    </UnitTest>
    <UnitTest name="GameCore.Tests.Validation.ValidationAttributeTests.PasswordValidationAttribute_WithStrongPassword_ShouldPass(password: &quot;MyP@ssw0rd&quot;)" storage="/workspace/tests/gamecore.tests/bin/debug/net8.0/gamecore.tests.dll" id="2c1c16e5-94a6-6ec0-2bfc-19d5384fdaf6">
      <Execution id="d6955bba-621d-4ec8-b887-4e7cbec8f18c" />
      <TestMethod codeBase="/workspace/tests/GameCore.Tests/bin/Debug/net8.0/GameCore.Tests.dll" adapterTypeName="executor://xunit/VsTestRunner2/netcoreapp" className="GameCore.Tests.Validation.ValidationAttributeTests" name="PasswordValidationAttribute_WithStrongPassword_ShouldPass" />
    </UnitTest>
    <UnitTest name="GameCore.Tests.Validation.ValidationAttributeTests.PasswordValidationAttribute_WithNullOrEmpty_ShouldFail(password: &quot;   &quot;)" storage="/workspace/tests/gamecore.tests/bin/debug/net8.0/gamecore.tests.dll" id="af3a2316-e0a9-62cc-59af-b68f9fe2d1e7">
      <Execution id="2d0e3c24-a6d0-467e-b31b-92d9b6240137" />
      <TestMethod codeBase="/workspace/tests/GameCore.Tests/bin/Debug/net8.0/GameCore.Tests.dll" adapterTypeName="executor://xunit/VsTestRunner2/netcoreapp" className="GameCore.Tests.Validation.ValidationAttributeTests" name="PasswordValidationAttribute_WithNullOrEmpty_ShouldFail" />
    </UnitTest>
    <UnitTest name="GameCore.Tests.Validation.ValidationAttributeTests.UsernameValidationAttribute_WithValidCharacters_ShouldPass(username: &quot;user123&quot;)" storage="/workspace/tests/gamecore.tests/bin/debug/net8.0/gamecore.tests.dll" id="ecef2e1d-6c65-22e3-9bed-bf27a82ff8a2">
      <Execution id="b2d9507a-1edc-450d-b75e-d5bb8d084c0b" />
      <TestMethod codeBase="/workspace/tests/GameCore.Tests/bin/Debug/net8.0/GameCore.Tests.dll" adapterTypeName="executor://xunit/VsTestRunner2/netcoreapp" className="GameCore.Tests.Validation.ValidationAttributeTests" name="UsernameValidationAttribute_WithValidCharacters_ShouldPass" />
    </UnitTest>
    <UnitTest name="GameCore.Tests.Validation.ValidationAttributeTests.UsernameValidationAttribute_WithInvalidCharacters_ShouldFail(username: &quot;user@name&quot;)" storage="/workspace/tests/gamecore.tests/bin/debug/net8.0/gamecore.tests.dll" id="bf027054-a7d1-27fc-23af-869fb1036092">
      <Execution id="c2dfc650-0a6f-40c5-a128-6199da9a3bf7" />
      <TestMethod codeBase="/workspace/tests/GameCore.Tests/bin/Debug/net8.0/GameCore.Tests.dll" adapterTypeName="executor://xunit/VsTestRunner2/netcoreapp" className="GameCore.Tests.Validation.ValidationAttributeTests" name="UsernameValidationAttribute_WithInvalidCharacters_ShouldFail" />
    </UnitTest>
    <UnitTest name="GameCore.Tests.Validation.ValidationAttributeTests.UsernameValidationAttribute_WithInvalidStartOrEnd_ShouldFail(username: &quot;username-&quot;)" storage="/workspace/tests/gamecore.tests/bin/debug/net8.0/gamecore.tests.dll" id="8391b3c7-946f-c189-55c2-8d82e05f7c3b">
      <Execution id="118a03ba-6930-4496-b690-4c1b10d1f735" />
      <TestMethod codeBase="/workspace/tests/GameCore.Tests/bin/Debug/net8.0/GameCore.Tests.dll" adapterTypeName="executor://xunit/VsTestRunner2/netcoreapp" className="GameCore.Tests.Validation.ValidationAttributeTests" name="UsernameValidationAttribute_WithInvalidStartOrEnd_ShouldFail" />
    </UnitTest>
    <UnitTest name="GameCore.Tests.Validation.ValidationAttributeTests.PasswordValidationAttribute_WithValidPassword_ShouldPass" storage="/workspace/tests/gamecore.tests/bin/debug/net8.0/gamecore.tests.dll" id="0ad5c7f1-5d59-e47e-9278-1bc14b25e679">
      <Execution id="90445176-6462-4532-b629-343e8fb15dea" />
      <TestMethod codeBase="/workspace/tests/GameCore.Tests/bin/Debug/net8.0/GameCore.Tests.dll" adapterTypeName="executor://xunit/VsTestRunner2/netcoreapp" className="GameCore.Tests.Validation.ValidationAttributeTests" name="PasswordValidationAttribute_WithValidPassword_ShouldPass" />
    </UnitTest>
    <UnitTest name="GameCore.Tests.Validation.ValidationAttributeTests.PasswordValidationAttribute_WithTooShortPassword_ShouldFail(password: &quot;1234567&quot;)" storage="/workspace/tests/gamecore.tests/bin/debug/net8.0/gamecore.tests.dll" id="b257d2c1-0495-4008-f0c6-2de3c97234f2">
      <Execution id="0bcfe239-343f-4cfa-b202-2131cc8a6c3c" />
      <TestMethod codeBase="/workspace/tests/GameCore.Tests/bin/Debug/net8.0/GameCore.Tests.dll" adapterTypeName="executor://xunit/VsTestRunner2/netcoreapp" className="GameCore.Tests.Validation.ValidationAttributeTests" name="PasswordValidationAttribute_WithTooShortPassword_ShouldFail" />
    </UnitTest>
    <UnitTest name="GameCore.Tests.Validation.ValidationAttributeTests.RegisterRequestDto_WithValidData_ShouldPassValidation" storage="/workspace/tests/gamecore.tests/bin/debug/net8.0/gamecore.tests.dll" id="b7316041-e04d-dfc4-993d-55f4d9d26b38">
      <Execution id="0e27314f-3d6e-47b3-9197-f0123275aa7d" />
      <TestMethod codeBase="/workspace/tests/GameCore.Tests/bin/Debug/net8.0/GameCore.Tests.dll" adapterTypeName="executor://xunit/VsTestRunner2/netcoreapp" className="GameCore.Tests.Validation.ValidationAttributeTests" name="RegisterRequestDto_WithValidData_ShouldPassValidation" />
    </UnitTest>
    <UnitTest name="GameCore.Tests.Validation.ValidationAttributeTests.PasswordValidationAttribute_WithNullOrEmpty_ShouldFail(password: &quot;&quot;)" storage="/workspace/tests/gamecore.tests/bin/debug/net8.0/gamecore.tests.dll" id="76d59455-75f4-20fa-ef19-4f1835f23152">
      <Execution id="7a03d779-6715-40f3-a208-39a7a6b48861" />
      <TestMethod codeBase="/workspace/tests/GameCore.Tests/bin/Debug/net8.0/GameCore.Tests.dll" adapterTypeName="executor://xunit/VsTestRunner2/netcoreapp" className="GameCore.Tests.Validation.ValidationAttributeTests" name="PasswordValidationAttribute_WithNullOrEmpty_ShouldFail" />
    </UnitTest>
    <UnitTest name="GameCore.Tests.Validation.ValidationAttributeTests.PasswordValidationAttribute_WithStrongPassword_ShouldPass(password: &quot;C0mpl3x!Pass&quot;)" storage="/workspace/tests/gamecore.tests/bin/debug/net8.0/gamecore.tests.dll" id="b6be0c65-8acc-3c8d-928b-baa49b09360d">
      <Execution id="42c294ac-19fe-4c39-b45d-02dcd80af6e8" />
      <TestMethod codeBase="/workspace/tests/GameCore.Tests/bin/Debug/net8.0/GameCore.Tests.dll" adapterTypeName="executor://xunit/VsTestRunner2/netcoreapp" className="GameCore.Tests.Validation.ValidationAttributeTests" name="PasswordValidationAttribute_WithStrongPassword_ShouldPass" />
    </UnitTest>
    <UnitTest name="GameCore.Tests.Validation.ValidationAttributeTests.PasswordValidationAttribute_WithNullOrEmpty_ShouldFail(password: null)" storage="/workspace/tests/gamecore.tests/bin/debug/net8.0/gamecore.tests.dll" id="d3fa0e5b-5f42-a484-3712-20a38029346b">
      <Execution id="602f6e6a-e9f0-455d-a382-c2ff9f234cb9" />
      <TestMethod codeBase="/workspace/tests/GameCore.Tests/bin/Debug/net8.0/GameCore.Tests.dll" adapterTypeName="executor://xunit/VsTestRunner2/netcoreapp" className="GameCore.Tests.Validation.ValidationAttributeTests" name="PasswordValidationAttribute_WithNullOrEmpty_ShouldFail" />
    </UnitTest>
    <UnitTest name="GameCore.Tests.Validation.ValidationAttributeTests.PasswordValidationAttribute_WithWeakPassword_ShouldFail(password: &quot;PASSWORD123!&quot;)" storage="/workspace/tests/gamecore.tests/bin/debug/net8.0/gamecore.tests.dll" id="fe2aea58-6092-be73-8363-549c28ecbc4c">
      <Execution id="0c9e6242-4770-4c23-9fe2-8dbf31e6db06" />
      <TestMethod codeBase="/workspace/tests/GameCore.Tests/bin/Debug/net8.0/GameCore.Tests.dll" adapterTypeName="executor://xunit/VsTestRunner2/netcoreapp" className="GameCore.Tests.Validation.ValidationAttributeTests" name="PasswordValidationAttribute_WithWeakPassword_ShouldFail" />
    </UnitTest>
    <UnitTest name="GameCore.Tests.Validation.ValidationAttributeTests.LoginRequestDto_WithValidData_ShouldPassValidation" storage="/workspace/tests/gamecore.tests/bin/debug/net8.0/gamecore.tests.dll" id="a409adb9-df40-0bc3-ea0a-9e48ad0db4f8">
      <Execution id="02c41685-9583-4d2d-9318-ad271512b812" />
      <TestMethod codeBase="/workspace/tests/GameCore.Tests/bin/Debug/net8.0/GameCore.Tests.dll" adapterTypeName="executor://xunit/VsTestRunner2/netcoreapp" className="GameCore.Tests.Validation.ValidationAttributeTests" name="LoginRequestDto_WithValidData_ShouldPassValidation" />
    </UnitTest>
    <UnitTest name="GameCore.Tests.Validation.ValidationAttributeTests.UsernameValidationAttribute_WithInvalidLength_ShouldFail(username: &quot;verylongusername123456789&quot;)" storage="/workspace/tests/gamecore.tests/bin/debug/net8.0/gamecore.tests.dll" id="00a45e5f-b068-e3e8-757f-c334a21032cf">
      <Execution id="0fdebd68-4c41-48fb-a717-9440bf16ea7e" />
      <TestMethod codeBase="/workspace/tests/GameCore.Tests/bin/Debug/net8.0/GameCore.Tests.dll" adapterTypeName="executor://xunit/VsTestRunner2/netcoreapp" className="GameCore.Tests.Validation.ValidationAttributeTests" name="UsernameValidationAttribute_WithInvalidLength_ShouldFail" />
    </UnitTest>
    <UnitTest name="GameCore.Tests.Validation.ValidationAttributeTests.UsernameValidationAttribute_WithInvalidStartOrEnd_ShouldFail(username: &quot;username_&quot;)" storage="/workspace/tests/gamecore.tests/bin/debug/net8.0/gamecore.tests.dll" id="906a965e-f9a1-6742-55d1-97693166996d">
      <Execution id="c863efdb-1bd7-44c1-9c23-c4fe800053fc" />
      <TestMethod codeBase="/workspace/tests/GameCore.Tests/bin/Debug/net8.0/GameCore.Tests.dll" adapterTypeName="executor://xunit/VsTestRunner2/netcoreapp" className="GameCore.Tests.Validation.ValidationAttributeTests" name="UsernameValidationAttribute_WithInvalidStartOrEnd_ShouldFail" />
    </UnitTest>
    <UnitTest name="GameCore.Tests.Validation.ValidationAttributeTests.UsernameValidationAttribute_WithInvalidCharacters_ShouldFail(username: &quot;user.name&quot;)" storage="/workspace/tests/gamecore.tests/bin/debug/net8.0/gamecore.tests.dll" id="43cab480-0fbf-6fd0-7b50-75d6aec1fb49">
      <Execution id="3419e971-3a3e-445f-84e9-573a0b71d8ab" />
      <TestMethod codeBase="/workspace/tests/GameCore.Tests/bin/Debug/net8.0/GameCore.Tests.dll" adapterTypeName="executor://xunit/VsTestRunner2/netcoreapp" className="GameCore.Tests.Validation.ValidationAttributeTests" name="UsernameValidationAttribute_WithInvalidCharacters_ShouldFail" />
    </UnitTest>
    <UnitTest name="GameCore.Tests.Validation.ValidationAttributeTests.UsernameValidationAttribute_WithValidLength_ShouldPass(username: &quot;abc&quot;)" storage="/workspace/tests/gamecore.tests/bin/debug/net8.0/gamecore.tests.dll" id="d8251a4f-2024-2f56-cc31-a05415fded0d">
      <Execution id="50b77903-0a15-4c45-8ba9-3e7db5eb2c84" />
      <TestMethod codeBase="/workspace/tests/GameCore.Tests/bin/Debug/net8.0/GameCore.Tests.dll" adapterTypeName="executor://xunit/VsTestRunner2/netcoreapp" className="GameCore.Tests.Validation.ValidationAttributeTests" name="UsernameValidationAttribute_WithValidLength_ShouldPass" />
    </UnitTest>
    <UnitTest name="GameCore.Tests.Validation.ValidationAttributeTests.RegisterRequestDto_WithInvalidData_ShouldFailValidation" storage="/workspace/tests/gamecore.tests/bin/debug/net8.0/gamecore.tests.dll" id="1d6b7c9d-c615-1273-4fd0-31bef0d75a3b">
      <Execution id="be4e46ad-4dcf-4b56-8278-37ed8aa67a1d" />
      <TestMethod codeBase="/workspace/tests/GameCore.Tests/bin/Debug/net8.0/GameCore.Tests.dll" adapterTypeName="executor://xunit/VsTestRunner2/netcoreapp" className="GameCore.Tests.Validation.ValidationAttributeTests" name="RegisterRequestDto_WithInvalidData_ShouldFailValidation" />
    </UnitTest>
    <UnitTest name="GameCore.Tests.Validation.ValidationAttributeTests.UsernameValidationAttribute_WithInvalidStartOrEnd_ShouldFail(username: &quot;_username&quot;)" storage="/workspace/tests/gamecore.tests/bin/debug/net8.0/gamecore.tests.dll" id="e85d8944-a904-0b9b-79c7-8c1974d558df">
      <Execution id="ad01d484-2217-4798-976b-256ba52f6ef5" />
      <TestMethod codeBase="/workspace/tests/GameCore.Tests/bin/Debug/net8.0/GameCore.Tests.dll" adapterTypeName="executor://xunit/VsTestRunner2/netcoreapp" className="GameCore.Tests.Validation.ValidationAttributeTests" name="UsernameValidationAttribute_WithInvalidStartOrEnd_ShouldFail" />
    </UnitTest>
    <UnitTest name="GameCore.Tests.Validation.ValidationAttributeTests.PasswordValidationAttribute_WithStrongPassword_ShouldPass(password: &quot;ValidPass123!&quot;)" storage="/workspace/tests/gamecore.tests/bin/debug/net8.0/gamecore.tests.dll" id="afa77271-6ab7-2201-966d-ddbb834151b7">
      <Execution id="0d19a459-0292-4a18-a5ee-ef2a7b22ac3a" />
      <TestMethod codeBase="/workspace/tests/GameCore.Tests/bin/Debug/net8.0/GameCore.Tests.dll" adapterTypeName="executor://xunit/VsTestRunner2/netcoreapp" className="GameCore.Tests.Validation.ValidationAttributeTests" name="PasswordValidationAttribute_WithStrongPassword_ShouldPass" />
    </UnitTest>
    <UnitTest name="GameCore.Tests.Validation.ValidationAttributeTests.UsernameValidationAttribute_WithNullOrEmpty_ShouldFail(username: &quot;&quot;)" storage="/workspace/tests/gamecore.tests/bin/debug/net8.0/gamecore.tests.dll" id="64bc4b94-0742-b2f3-992b-36a3c16e5c83">
      <Execution id="c68336a2-ed9a-4b8d-a5bd-27d0e8e02c3e" />
      <TestMethod codeBase="/workspace/tests/GameCore.Tests/bin/Debug/net8.0/GameCore.Tests.dll" adapterTypeName="executor://xunit/VsTestRunner2/netcoreapp" className="GameCore.Tests.Validation.ValidationAttributeTests" name="UsernameValidationAttribute_WithNullOrEmpty_ShouldFail" />
    </UnitTest>
    <UnitTest name="GameCore.Tests.Validation.ValidationAttributeTests.UsernameValidationAttribute_WithValidCharacters_ShouldPass(username: &quot;user-name_123&quot;)" storage="/workspace/tests/gamecore.tests/bin/debug/net8.0/gamecore.tests.dll" id="4069911f-b06f-dd13-e1ba-5ae6c3955415">
      <Execution id="3cfc302b-19d3-4705-a84d-cb6b7e7a09b7" />
      <TestMethod codeBase="/workspace/tests/GameCore.Tests/bin/Debug/net8.0/GameCore.Tests.dll" adapterTypeName="executor://xunit/VsTestRunner2/netcoreapp" className="GameCore.Tests.Validation.ValidationAttributeTests" name="UsernameValidationAttribute_WithValidCharacters_ShouldPass" />
    </UnitTest>
    <UnitTest name="GameCore.Tests.Validation.ValidationAttributeTests.UsernameValidationAttribute_WithInvalidStartOrEnd_ShouldFail(username: &quot;-username&quot;)" storage="/workspace/tests/gamecore.tests/bin/debug/net8.0/gamecore.tests.dll" id="e226f534-eb20-a82b-fcac-cf2630cedca4">
      <Execution id="13666451-f241-4047-9fb9-f7cd101b85dd" />
      <TestMethod codeBase="/workspace/tests/GameCore.Tests/bin/Debug/net8.0/GameCore.Tests.dll" adapterTypeName="executor://xunit/VsTestRunner2/netcoreapp" className="GameCore.Tests.Validation.ValidationAttributeTests" name="UsernameValidationAttribute_WithInvalidStartOrEnd_ShouldFail" />
    </UnitTest>
    <UnitTest name="GameCore.Tests.Validation.ValidationAttributeTests.UsernameValidationAttribute_WithInvalidCharacters_ShouldFail(username: &quot;user$name&quot;)" storage="/workspace/tests/gamecore.tests/bin/debug/net8.0/gamecore.tests.dll" id="a07dbbd7-a0fc-8d85-1bfd-3bb5e71c2272">
      <Execution id="f93ff24d-314a-4947-ae1f-ae92d24c27b8" />
      <TestMethod codeBase="/workspace/tests/GameCore.Tests/bin/Debug/net8.0/GameCore.Tests.dll" adapterTypeName="executor://xunit/VsTestRunner2/netcoreapp" className="GameCore.Tests.Validation.ValidationAttributeTests" name="UsernameValidationAttribute_WithInvalidCharacters_ShouldFail" />
    </UnitTest>
    <UnitTest name="GameCore.Tests.Validation.ValidationAttributeTests.UsernameValidationAttribute_WithValidLength_ShouldPass(username: &quot;verylonguser12345678&quot;)" storage="/workspace/tests/gamecore.tests/bin/debug/net8.0/gamecore.tests.dll" id="31147afe-7013-4c93-d06a-a25a0d87531f">
      <Execution id="584f1c6e-41d1-46b3-92ac-995641ce336f" />
      <TestMethod codeBase="/workspace/tests/GameCore.Tests/bin/Debug/net8.0/GameCore.Tests.dll" adapterTypeName="executor://xunit/VsTestRunner2/netcoreapp" className="GameCore.Tests.Validation.ValidationAttributeTests" name="UsernameValidationAttribute_WithValidLength_ShouldPass" />
    </UnitTest>
    <UnitTest name="GameCore.Tests.Validation.ValidationAttributeTests.UsernameValidationAttribute_WithValidCharacters_ShouldPass(username: &quot;user_name&quot;)" storage="/workspace/tests/gamecore.tests/bin/debug/net8.0/gamecore.tests.dll" id="16f99dd8-b488-58a9-21a5-33fefdc57255">
      <Execution id="97769390-be73-4492-ae7f-b454ab94625f" />
      <TestMethod codeBase="/workspace/tests/GameCore.Tests/bin/Debug/net8.0/GameCore.Tests.dll" adapterTypeName="executor://xunit/VsTestRunner2/netcoreapp" className="GameCore.Tests.Validation.ValidationAttributeTests" name="UsernameValidationAttribute_WithValidCharacters_ShouldPass" />
    </UnitTest>
    <UnitTest name="GameCore.Tests.Validation.ValidationAttributeTests.PasswordValidationAttribute_WithWeakPassword_ShouldFail(password: &quot;Password!&quot;)" storage="/workspace/tests/gamecore.tests/bin/debug/net8.0/gamecore.tests.dll" id="a2fa2569-276a-920e-f4d4-a15231129cc9">
      <Execution id="9e88c01e-b868-42aa-bb33-7bba953cc18d" />
      <TestMethod codeBase="/workspace/tests/GameCore.Tests/bin/Debug/net8.0/GameCore.Tests.dll" adapterTypeName="executor://xunit/VsTestRunner2/netcoreapp" className="GameCore.Tests.Validation.ValidationAttributeTests" name="PasswordValidationAttribute_WithWeakPassword_ShouldFail" />
    </UnitTest>
    <UnitTest name="GameCore.Tests.Validation.ValidationAttributeTests.UsernameValidationAttribute_WithValidLength_ShouldPass(username: &quot;validuser123&quot;)" storage="/workspace/tests/gamecore.tests/bin/debug/net8.0/gamecore.tests.dll" id="b88a5084-38b5-a8aa-36a8-cbc5a37123cd">
      <Execution id="efcf2b5e-e31e-4234-a86d-04331302aeaf" />
      <TestMethod codeBase="/workspace/tests/GameCore.Tests/bin/Debug/net8.0/GameCore.Tests.dll" adapterTypeName="executor://xunit/VsTestRunner2/netcoreapp" className="GameCore.Tests.Validation.ValidationAttributeTests" name="UsernameValidationAttribute_WithValidLength_ShouldPass" />
    </UnitTest>
  </TestDefinitions>
  <TestEntries>
    <TestEntry testId="64bc4b94-0742-b2f3-992b-36a3c16e5c83" executionId="c68336a2-ed9a-4b8d-a5bd-27d0e8e02c3e" testListId="8c84fa94-04c1-424b-9868-57a2d4851a1d" />
    <TestEntry testId="00a45e5f-b068-e3e8-757f-c334a21032cf" executionId="0fdebd68-4c41-48fb-a717-9440bf16ea7e" testListId="8c84fa94-04c1-424b-9868-57a2d4851a1d" />
    <TestEntry testId="906a965e-f9a1-6742-55d1-97693166996d" executionId="c863efdb-1bd7-44c1-9c23-c4fe800053fc" testListId="8c84fa94-04c1-424b-9868-57a2d4851a1d" />
    <TestEntry testId="bd63f83e-7ecd-b67d-ba48-6d5b0560efbc" executionId="61da6af5-7237-4d1f-af36-8b6abb1e4ad9" testListId="8c84fa94-04c1-424b-9868-57a2d4851a1d" />
    <TestEntry testId="d9a2033c-60a2-1ae5-7552-62b589386f4a" executionId="caa6f4cd-784b-42c3-8598-c80cc4ca2143" testListId="8c84fa94-04c1-424b-9868-57a2d4851a1d" />
    <TestEntry testId="cb01c3d4-616a-ff7e-4f1e-15942e468eae" executionId="122b6145-2b36-4d0d-a557-ee1b955d1696" testListId="8c84fa94-04c1-424b-9868-57a2d4851a1d" />
    <TestEntry testId="31147afe-7013-4c93-d06a-a25a0d87531f" executionId="584f1c6e-41d1-46b3-92ac-995641ce336f" testListId="8c84fa94-04c1-424b-9868-57a2d4851a1d" />
    <TestEntry testId="2c1c16e5-94a6-6ec0-2bfc-19d5384fdaf6" executionId="d6955bba-621d-4ec8-b887-4e7cbec8f18c" testListId="8c84fa94-04c1-424b-9868-57a2d4851a1d" />
    <TestEntry testId="a07dbbd7-a0fc-8d85-1bfd-3bb5e71c2272" executionId="f93ff24d-314a-4947-ae1f-ae92d24c27b8" testListId="8c84fa94-04c1-424b-9868-57a2d4851a1d" />
    <TestEntry testId="b257d2c1-0495-4008-f0c6-2de3c97234f2" executionId="0bcfe239-343f-4cfa-b202-2131cc8a6c3c" testListId="8c84fa94-04c1-424b-9868-57a2d4851a1d" />
    <TestEntry testId="e226f534-eb20-a82b-fcac-cf2630cedca4" executionId="13666451-f241-4047-9fb9-f7cd101b85dd" testListId="8c84fa94-04c1-424b-9868-57a2d4851a1d" />
    <TestEntry testId="d3fa0e5b-5f42-a484-3712-20a38029346b" executionId="602f6e6a-e9f0-455d-a382-c2ff9f234cb9" testListId="8c84fa94-04c1-424b-9868-57a2d4851a1d" />
    <TestEntry testId="d8251a4f-2024-2f56-cc31-a05415fded0d" executionId="50b77903-0a15-4c45-8ba9-3e7db5eb2c84" testListId="8c84fa94-04c1-424b-9868-57a2d4851a1d" />
    <TestEntry testId="07be573a-a557-30bf-aaae-fd9ead2faaa0" executionId="d0bc8623-a517-4ae7-a343-99e89f729bc9" testListId="8c84fa94-04c1-424b-9868-57a2d4851a1d" />
    <TestEntry testId="43cab480-0fbf-6fd0-7b50-75d6aec1fb49" executionId="3419e971-3a3e-445f-84e9-573a0b71d8ab" testListId="8c84fa94-04c1-424b-9868-57a2d4851a1d" />
    <TestEntry testId="0ad5c7f1-5d59-e47e-9278-1bc14b25e679" executionId="90445176-6462-4532-b629-343e8fb15dea" testListId="8c84fa94-04c1-424b-9868-57a2d4851a1d" />
    <TestEntry testId="fe2aea58-6092-be73-8363-549c28ecbc4c" executionId="0c9e6242-4770-4c23-9fe2-8dbf31e6db06" testListId="8c84fa94-04c1-424b-9868-57a2d4851a1d" />
    <TestEntry testId="341b2a6e-6019-ebeb-56a5-bbce6e3af3f4" executionId="cfe6f1b2-618d-45ca-af51-6dd6cc6b815b" testListId="8c84fa94-04c1-424b-9868-57a2d4851a1d" />
    <TestEntry testId="76d59455-75f4-20fa-ef19-4f1835f23152" executionId="7a03d779-6715-40f3-a208-39a7a6b48861" testListId="8c84fa94-04c1-424b-9868-57a2d4851a1d" />
    <TestEntry testId="ce7de259-8a99-2996-1815-5642eb925eee" executionId="ac7ca9af-8228-4b17-ba40-f0b428a638c9" testListId="8c84fa94-04c1-424b-9868-57a2d4851a1d" />
    <TestEntry testId="a2fa2569-276a-920e-f4d4-a15231129cc9" executionId="9e88c01e-b868-42aa-bb33-7bba953cc18d" testListId="8c84fa94-04c1-424b-9868-57a2d4851a1d" />
    <TestEntry testId="b88a5084-38b5-a8aa-36a8-cbc5a37123cd" executionId="efcf2b5e-e31e-4234-a86d-04331302aeaf" testListId="8c84fa94-04c1-424b-9868-57a2d4851a1d" />
    <TestEntry testId="2f08ef87-e494-2c48-818c-fdf2ad28459d" executionId="5afd91c4-760b-4298-83f4-2070da9a93c6" testListId="8c84fa94-04c1-424b-9868-57a2d4851a1d" />
    <TestEntry testId="e85d8944-a904-0b9b-79c7-8c1974d558df" executionId="ad01d484-2217-4798-976b-256ba52f6ef5" testListId="8c84fa94-04c1-424b-9868-57a2d4851a1d" />
    <TestEntry testId="4069911f-b06f-dd13-e1ba-5ae6c3955415" executionId="3cfc302b-19d3-4705-a84d-cb6b7e7a09b7" testListId="8c84fa94-04c1-424b-9868-57a2d4851a1d" />
    <TestEntry testId="fb9c0096-05a0-38bf-a182-6f6a4f2c4095" executionId="36bafd0e-9ae5-458d-bc9c-80365b8df84b" testListId="8c84fa94-04c1-424b-9868-57a2d4851a1d" />
    <TestEntry testId="61c8962a-f5e5-0ded-c8ee-6b4b2729d611" executionId="6be099e7-204e-4b06-8ddd-5e19203c4574" testListId="8c84fa94-04c1-424b-9868-57a2d4851a1d" />
    <TestEntry testId="a409adb9-df40-0bc3-ea0a-9e48ad0db4f8" executionId="02c41685-9583-4d2d-9318-ad271512b812" testListId="8c84fa94-04c1-424b-9868-57a2d4851a1d" />
    <TestEntry testId="f0e6e01d-21db-4b2a-ff5b-8f7e6a0d0f3b" executionId="42571fca-901f-4b91-9b27-a0f727bf8703" testListId="8c84fa94-04c1-424b-9868-57a2d4851a1d" />
    <TestEntry testId="eff3b31d-664e-4aef-a825-9901658fbfb9" executionId="7ad371a1-0bf0-4cb4-bf32-37c6fe86bf04" testListId="8c84fa94-04c1-424b-9868-57a2d4851a1d" />
    <TestEntry testId="8be56c6c-bc64-85c6-8d13-9e8a08107a80" executionId="be4b345e-8844-4780-8af4-68e3abfe7e86" testListId="8c84fa94-04c1-424b-9868-57a2d4851a1d" />
    <TestEntry testId="1d6b7c9d-c615-1273-4fd0-31bef0d75a3b" executionId="be4e46ad-4dcf-4b56-8278-37ed8aa67a1d" testListId="8c84fa94-04c1-424b-9868-57a2d4851a1d" />
    <TestEntry testId="ecef2e1d-6c65-22e3-9bed-bf27a82ff8a2" executionId="b2d9507a-1edc-450d-b75e-d5bb8d084c0b" testListId="8c84fa94-04c1-424b-9868-57a2d4851a1d" />
    <TestEntry testId="1611baeb-3a2f-16e9-f322-0d001ff2275a" executionId="ed07fea0-8299-4c60-b8ed-b8c69a5c06f2" testListId="8c84fa94-04c1-424b-9868-57a2d4851a1d" />
    <TestEntry testId="6dca0a0c-9c07-f918-f84f-9027d2b905b2" executionId="00e7312e-6458-4ddc-b7dc-a3ec33e4f295" testListId="8c84fa94-04c1-424b-9868-57a2d4851a1d" />
    <TestEntry testId="6b4f4ef3-cda3-02f5-b478-f29bdbd8704c" executionId="39fe8959-7704-4fa1-9f9c-52d003cfb715" testListId="8c84fa94-04c1-424b-9868-57a2d4851a1d" />
    <TestEntry testId="b6be0c65-8acc-3c8d-928b-baa49b09360d" executionId="42c294ac-19fe-4c39-b45d-02dcd80af6e8" testListId="8c84fa94-04c1-424b-9868-57a2d4851a1d" />
    <TestEntry testId="8391b3c7-946f-c189-55c2-8d82e05f7c3b" executionId="118a03ba-6930-4496-b690-4c1b10d1f735" testListId="8c84fa94-04c1-424b-9868-57a2d4851a1d" />
    <TestEntry testId="afa77271-6ab7-2201-966d-ddbb834151b7" executionId="0d19a459-0292-4a18-a5ee-ef2a7b22ac3a" testListId="8c84fa94-04c1-424b-9868-57a2d4851a1d" />
    <TestEntry testId="16f99dd8-b488-58a9-21a5-33fefdc57255" executionId="97769390-be73-4492-ae7f-b454ab94625f" testListId="8c84fa94-04c1-424b-9868-57a2d4851a1d" />
    <TestEntry testId="bf027054-a7d1-27fc-23af-869fb1036092" executionId="c2dfc650-0a6f-40c5-a128-6199da9a3bf7" testListId="8c84fa94-04c1-424b-9868-57a2d4851a1d" />
    <TestEntry testId="b7316041-e04d-dfc4-993d-55f4d9d26b38" executionId="0e27314f-3d6e-47b3-9197-f0123275aa7d" testListId="8c84fa94-04c1-424b-9868-57a2d4851a1d" />
    <TestEntry testId="3bb08c13-f2c6-79a6-8a0f-d704f631f4f3" executionId="9f89b370-25cb-41e1-af4f-275f3d1ff2ef" testListId="8c84fa94-04c1-424b-9868-57a2d4851a1d" />
    <TestEntry testId="af3a2316-e0a9-62cc-59af-b68f9fe2d1e7" executionId="2d0e3c24-a6d0-467e-b31b-92d9b6240137" testListId="8c84fa94-04c1-424b-9868-57a2d4851a1d" />
    <TestEntry testId="70f66a03-7e2c-20c1-bb39-7274b7ea3522" executionId="1e560299-11d8-4e3e-af47-e87a994162af" testListId="8c84fa94-04c1-424b-9868-57a2d4851a1d" />
  </TestEntries>
  <TestLists>
    <TestList name="Results Not in a List" id="8c84fa94-04c1-424b-9868-57a2d4851a1d" />
    <TestList name="All Loaded Results" id="19431567-8539-422a-85d7-44ee4e166bda" />
  </TestLists>
  <ResultSummary outcome="Completed">
    <Counters total="45" executed="45" passed="45" failed="0" error="0" timeout="0" aborted="0" inconclusive="0" passedButRunAborted="0" notRunnable="0" notExecuted="0" disconnected="0" warning="0" completed="0" inProgress="0" pending="0" />
    <Output>
      <StdOut>[xUnit.net 00:00:00.00] xUnit.net VSTest Adapter v2.5.4.1+b9eacec401 (64-bit .NET 8.0.19)
[xUnit.net 00:00:00.07]   Discovering: GameCore.Tests
[xUnit.net 00:00:00.12]   Discovered:  GameCore.Tests
[xUnit.net 00:00:00.13]   Starting:    GameCore.Tests
[xUnit.net 00:00:00.31]   Finished:    GameCore.Tests
</StdOut>
    </Output>
  </ResultSummary>
</TestRun>